<?xml version="1.0" encoding="UTF-8"?>
<!--
  ~ Copyright Verizon Media, Licensed under the terms of the Apache License, Version 2.0. See LICENSE file in project root for terms.
  -->
<coordinator-app xmlns="uri:oozie:coordinator:0.4" name="cubed_test_funnel_${owner}_funnel" frequency="${coord:days(funnel_repeat_interval)}" start="${funnel_start_time}" end="${funnel_end_time}" timezone="UTC">
  <controls>
    <timeout>-1</timeout>
    <concurrency>${parallel_day}</concurrency>
    <execution>FIFO</execution>
  </controls>
  <datasets>
    <dataset name="input_dataset" frequency="${coord:hours(1)}" initial-instance="${funnel_start_time}" timezone="UTC">
      <uri-template>${hcat_uri}/${in_database}/${in_hour_table}/${in_hour_partition}</uri-template>
    </dataset>
    <dataset name="out_dir" frequency="${coord:days(funnel_repeat_interval)}" initial-instance="${funnel_start_time}" timezone="UTC">
      <uri-template>hdfs://${hdfs_output_path}/test_funnel_${YEAR}_${MONTH}_${DAY}</uri-template>
    </dataset>
  </datasets>
  <input-events>
    <data-in name="INPUT_DATASET" dataset="input_dataset">
      <start-instance>${coord:current(-(coord:hoursInDay(0)) * funnel_repeat_interval)}</start-instance>
      <end-instance>${coord:current(-1)}</end-instance>
    </data-in>
  </input-events>
  <output-events>
    <data-out name="OUT_DIR" dataset="out_dir">
      <instance>${coord:current(0)}</instance>
    </data-out>
  </output-events>
  <action>
    <workflow>
      <app-path>${project_path}/funnel_group/workflow_test_funnel.xml</app-path>
      <configuration>
        <property>
          <name>out_dir</name>
          <value>${coord:dataOut('OUT_DIR')}</value>
        </property>
        <property>
          <name>year</name>
          <value>${coord:formatTime(coord:nominalTime(),'yyyy')}</value>
        </property>
        <property>
          <name>month</name>
          <value>${coord:formatTime(coord:nominalTime(),'MM')}</value>
        </property>
        <property>
          <name>day</name>
          <value>${coord:formatTime(coord:nominalTime(),'dd')}</value>
        </property>
        <property>
          <name>hour</name>
          <value>${coord:formatTime(coord:nominalTime(),'HH')}</value>
        </property>
        <property>
          <name>nominal_time</name>
          <value>${coord:nominalTime()}</value>
        </property>
        <property>
          <name>query_start_date</name>
          <value>${coord:formatTime(coord:nominalTime(),'yyyyMMdd')}</value>
        </property>
        <property>
          <name>query_end_date</name>
          <value>${coord:formatTime(coord:dateOffset(coord:nominalTime(), funnel_query_range, 'DAY'),'yyyyMMdd')}</value>
        </property>
      </configuration>
    </workflow>
  </action>
</coordinator-app>
